[www.cybelius.fr/index.html]
[backblue.gif]
[fade.gif]
[index.html]
[www.cybelius.fr/wp-content/uploads/2021/03/site.001-1030x592.jpg]
[www.cybelius.fr/index9ed2.html]
[www.cybelius.fr/wp-includes/css/dist/block-library/style.minf658.css]
[www.cybelius.fr/indexd784.html]
[www.cybelius.fr/indexa6da.html]
[www.cybelius.fr/wp-includes/css/dashicons.minf658.css]
[www.cybelius.fr/wp-content/plugins/post-views-counter/css/frontende34c.css]
[www.cybelius.fr/wp-content/plugins/sitepress-multilingual-cms/templates/language-switchers/legacy-list-horizontal/style.min68b3.css]
[www.cybelius.fr/wp-content/themes/hestia-pro/assets/bootstrap/css/bootstrap.min20b9.css]
[www.cybelius.fr/wp-content/themes/hestia-pro/assets/css/font-sizes.mind4e0.css]
[www.cybelius.fr/wp-content/themes/hestia-pro/style.mind4e0.css]
[www.cybelius.fr/wp-includes/js/jquery/jquery.minaf6c.js]
[www.cybelius.fr/wp-includes/js/jquery/jquery-migrate.mind617.js]
[www.cybelius.fr/wp-content/themes/hestia-pro/inc/addons/assets/js/aos.min68b3.js]
[www.cybelius.fr/index52f0.json]
[www.cybelius.fr/index8218.json]
[www.cybelius.fr/wp-includes/wlwmanifest.xml]
[www.cybelius.fr/indexcc69.json]
[www.cybelius.fr/wp-content/uploads/2021/03/site.001.jpg]
[www.cybelius.fr/wp-content/uploads/2021/04/cropped-android-chrome-192x192-1-32x32.png]
[www.cybelius.fr/wp-content/uploads/2021/04/cropped-android-chrome-192x192-1-192x192.png]
[www.cybelius.fr/wp-content/uploads/2021/04/cropped-android-chrome-192x192-1-180x180.png]
[www.cybelius.fr/wp-content/uploads/2021/03/cropped-bipncmnglmcafkag.png]
[www.cybelius.fr/indexcb05.html]
[www.cybelius.fr/index28c4.html]
[www.cybelius.fr/index4875.html]
[www.cybelius.fr/indexd59c.html]
[www.cybelius.fr/index81c3.html]
[www.cybelius.fr/index4ee3.html]
[www.cybelius.fr/indexf128.html]
[www.cybelius.fr/index0cf4.html]
[www.cybelius.fr/indexbd2e.html]
[www.cybelius.fr/indexd36c.html]
[www.cybelius.fr/index3d68.html]
[www.cybelius.fr/indexfddb.html]
[www.cybelius.fr/wp-content/plugins/sitepress-multilingual-cms/res/flags/fr.png]
[www.cybelius.fr/index39c9.html]
[www.cybelius.fr/index81ea.html]
[www.cybelius.fr/wp-content/plugins/sitepress-multilingual-cms/res/flags/en.png]
[www.cybelius.fr/index943c.html]
[www.cybelius.fr/indexac9f.html]
[www.cybelius.fr/wp-content/themes/hestia-pro/assets/font-awesome/css/all.min20b9.css]
[www.cybelius.fr/index8268.html]
[www.cybelius.fr/wp-content/themes/hestia-pro/assets/font-awesome/css/v4-shims.min20b9.css]
[www.cybelius.fr/wp-includes/js/comment-reply.minf658.js]
[www.cybelius.fr/wp-content/themes/hestia-pro/assets/bootstrap/js/bootstrap.min20b9.js]
[www.cybelius.fr/wp-includes/js/jquery/ui/core.min35d0.js]
[www.cybelius.fr/wp-content/themes/hestia-pro/assets/js/script.mind4e0.js]
[www.cybelius.fr/wp-includes/js/wp-embed.minf658.js]
[www.cybelius.fr/index.html]
[www.cybelius.fr/index5058.html]
[www.cybelius.fr/index5d5d.json]
[www.cybelius.fr/indexfe03.html]
[www.cybelius.fr/indexf7e2.html]
[www.cybelius.fr/index8eee.html]
[www.cybelius.fr/indexefe3.html]
[www.cybelius.fr/index1105.html]
[www.cybelius.fr/index5165.html]
[www.cybelius.fr/index6cfa.html]
[www.cybelius.fr/index761c.html]
[www.cybelius.fr/index9ed2.html]
[www.cybelius.fr/wp-includes/css/dist/block-library/style.minf658.css]
[www.cybelius.fr/indexdb79.html]
[www.cybelius.fr/index0d53.html]
[www.cybelius.fr/wp-includes/fonts/dashicons7d4b.eot]
[www.cybelius.fr/wp-includes/fonts/dashicons7d4b.ttf]
[www.cybelius.fr/wp-includes/css/dashicons.minf658.css]
[www.cybelius.fr/wp-content/plugins/post-views-counter/css/frontende34c.css]
[www.cybelius.fr/wp-content/plugins/sitepress-multilingual-cms/templates/language-switchers/legacy-list-horizontal/style.min68b3.css]
[www.cybelius.fr/wp-content/themes/hestia-pro/assets/bootstrap/css/bootstrap.min20b9.css]
[www.cybelius.fr/wp-content/themes/hestia-pro/assets/css/font-sizes.mind4e0.css]
[www.cybelius.fr/wp-content/themes/hestia-pro/style.mind4e0.css]
[www.cybelius.fr/xmlrpc0db0.html]
[www.cybelius.fr/index82b6.html]
[www.cybelius.fr/indexd0e7.json]
[www.cybelius.fr/index1803.json]
[www.cybelius.fr/wp-content/uploads/2021/03/cropped-pexels-pixabay-326410-scaled-3.jpg]
[www.cybelius.fr/indexcb05.html]
[www.cybelius.fr/index48bc.json]
[www.cybelius.fr/indexaa23.json]
[www.cybelius.fr/wp-content/uploads/2019/02/Plaquette_CyBELIUS-2019.pdf]
[www.cybelius.fr/index28c4.html]
[www.cybelius.fr/indexf27d.html]
[www.cybelius.fr/indexc152.html]
[www.cybelius.fr/index4fb7.json]
[www.cybelius.fr/index10c6.json]
[www.cybelius.fr/wp-content/uploads/2021/04/Logo_declinaison_bleu-1030x344.png]
[www.cybelius.fr/index4875.html]
[www.cybelius.fr/index0bc7.json]
[www.cybelius.fr/index8e71.json]
[www.cybelius.fr/indexd59c.html]
[www.cybelius.fr/index8ac2.json]
[www.cybelius.fr/indexfff3.json]
[www.cybelius.fr/indexf128.html]
[www.cybelius.fr/indexd92c.json]
[www.cybelius.fr/index214e.json]
[www.cybelius.fr/wp-content/uploads/2020/03/Evaluation-FR.pdf]
[www.cybelius.fr/index81c3.html]
[www.cybelius.fr/indexe274.html]
[www.cybelius.fr/indexd899.json]
[www.cybelius.fr/index48f6.json]
[www.cybelius.fr/index79ee.html]
[www.cybelius.fr/wp-content/uploads/2021/04/deuxlogos.png]
[www.cybelius.fr/index4ee3.html]
[www.cybelius.fr/index6e79.html]
[www.cybelius.fr/index2b53.json]
[www.cybelius.fr/indexc13a.json]
[www.cybelius.fr/wp-content/uploads/2019/02/Plaquette_CyPRES.pdf]
[www.cybelius.fr/index0cf4.html]
[www.cybelius.fr/index2afa.json]
[www.cybelius.fr/indexe08e.json]
[www.cybelius.fr/indexbd2e.html]
[www.cybelius.fr/indexd36c.html]
[www.cybelius.fr/index5e02.json]
[www.cybelius.fr/index3f7b.html]
[www.cybelius.fr/index3f71.html]
[www.cybelius.fr/index2a95.html]
[www.cybelius.fr/index1e40.json]
[www.cybelius.fr/index3af2.html]
[www.cybelius.fr/index71f9.html]
[www.cybelius.fr/index2dff.html]
[www.cybelius.fr/indexaa1e.html]
[www.cybelius.fr/index26b1.html]
[www.cybelius.fr/indexd900.html]
[www.cybelius.fr/wp-content/uploads/2020/02/Cybelius-Review-Fevrier-2020.pdf]
[www.cybelius.fr/indexa7b3.html]
[www.cybelius.fr/indexb946.html]
[www.cybelius.fr/indexcd64.html]
[www.cybelius.fr/wp-content/uploads/2020/03/Cybelius-Review-Mars-2020.pdf]
[www.cybelius.fr/index3d68.html]
[www.cybelius.fr/index3b5c.html]
[www.cybelius.fr/indexe5dc.html]
[www.cybelius.fr/indexb7b2.html]
[www.cybelius.fr/index2434.html]
[www.cybelius.fr/index21de.json]
[www.cybelius.fr/indexd843.json]
[www.cybelius.fr/wp-content/uploads/2020/06/Article-MagIT-2018.pdf]
[www.cybelius.fr/wp-content/uploads/2021/07/Press-Book-Cybelius.pdf]
[www.cybelius.fr/indexfddb.html]
[www.cybelius.fr/index15fd.html]
[www.cybelius.fr/index8230.json]
[www.cybelius.fr/index32a0.json]
[www.cybelius.fr/index39c9.html]
[site4.stellis-vm1.nfrance.net/wp-content/uploads/2021/03/pexels-pixabay-326410-scaled.html]
[site4.stellis-vm1.nfrance.net/wp-content/uploads/2021/03/1200px-ANSSI_Logo.svg_-1030x1030.html]
[site4.stellis-vm1.nfrance.net/wp-content/uploads/2021/03/iec-1030x1030.html]
[site4.stellis-vm1.nfrance.net/wp-content/uploads/2021/03/isoo-1030x853.html]
[www.cybelius.fr/index9eaf.json]
[www.cybelius.fr/index81ea.html]
[www.cybelius.fr/index9020.html]
[www.cybelius.fr/index80fa.html]
[www.cybelius.fr/wp-content/uploads/2021/07/Valeur-estimee-des-SCADA.001-1.jpg]
[www.cybelius.fr/index4413.html]
[www.cybelius.fr/index1ce2.html]
[www.cybelius.fr/index55df.html]
[www.cybelius.fr/index3a3f.html]
[www.cybelius.fr/indexf522.json]
[www.cybelius.fr/index1557.html]
[www.cybelius.fr/index8a4d.html]
[www.cybelius.fr/indexaa73.html]
[www.cybelius.fr/index9621.json]
[www.cybelius.fr/wp-content/uploads/2021/07/Investissements-SCADA.001-1.jpg]
[www.cybelius.fr/index943c.html]
[www.cybelius.fr/index9935.json]
[www.cybelius.fr/index7bdf.json]
[www.cybelius.fr/wp-content/uploads/2020/02/schema-2020-modif-1.jpg]
[www.cybelius.fr/indexac9f.html]
[www.cybelius.fr/wp-content/uploads/2020/02/EKANS-Page-1.png]
[www.cybelius.fr/index1739.json]
[www.cybelius.fr/index329e.html]
[www.cybelius.fr/index60ae.html]
[www.cybelius.fr/index9857.json]
[www.cybelius.fr/index8268.html]
[www.cybelius.fr/wp-content/themes/hestia-pro/assets/font-awesome/webfonts/fa-brands-400.eot]
[www.cybelius.fr/wp-content/themes/hestia-pro/assets/font-awesome/webfonts/fa-brands-400d41d.eot]
[www.cybelius.fr/wp-content/themes/hestia-pro/assets/font-awesome/webfonts/fa-brands-400.woff]
[www.cybelius.fr/wp-content/themes/hestia-pro/assets/font-awesome/webfonts/fa-brands-400.ttf]
[www.cybelius.fr/wp-content/themes/hestia-pro/assets/font-awesome/webfonts/fa-regular-400.eot]
[www.cybelius.fr/wp-content/themes/hestia-pro/assets/font-awesome/webfonts/fa-regular-400d41d.eot]
[www.cybelius.fr/wp-content/themes/hestia-pro/assets/font-awesome/webfonts/fa-brands-400.svg]
[www.cybelius.fr/wp-content/themes/hestia-pro/assets/font-awesome/webfonts/fa-regular-400.woff]
[www.cybelius.fr/wp-content/themes/hestia-pro/assets/font-awesome/webfonts/fa-regular-400.ttf]
[www.cybelius.fr/wp-content/themes/hestia-pro/assets/font-awesome/webfonts/fa-regular-400.svg]
[www.cybelius.fr/wp-content/themes/hestia-pro/assets/font-awesome/webfonts/fa-solid-900.eot]
[www.cybelius.fr/wp-content/themes/hestia-pro/assets/font-awesome/webfonts/fa-solid-900d41d.eot]
[www.cybelius.fr/wp-content/themes/hestia-pro/assets/font-awesome/webfonts/fa-solid-900.woff]
[www.cybelius.fr/wp-content/themes/hestia-pro/assets/font-awesome/webfonts/fa-solid-900.ttf]
[www.cybelius.fr/wp-content/themes/hestia-pro/assets/font-awesome/css/all.min20b9.css]
[www.cybelius.fr/wp-content/themes/hestia-pro/assets/font-awesome/css/v4-shims.min20b9.css]
[www.cybelius.fr/index09a8.html]
[www.cybelius.fr/index84e0.html]
[www.cybelius.fr/indexbfe3.html]
[www.cybelius.fr/wp-content/themes/hestia-pro/assets/font-awesome/webfonts/fa-solid-900.svg]
[www.cybelius.fr/index4a6c.json]
[www.cybelius.fr/index6f19.json]
[www.cybelius.fr/indexf7e2.html]
[www.cybelius.fr/index53e4.json]
[www.cybelius.fr/indexc91d.json]
[www.cybelius.fr/wp-content/uploads/2019/12/Logo_Commission_européenne_FR.png]
[www.cybelius.fr/wp-content/uploads/2020/03/Cybelius-EN.pdf]
[www.cybelius.fr/indexfe03.html]
[www.cybelius.fr/index8fa3.json]
[www.cybelius.fr/index89de.json]
[www.cybelius.fr/index8eee.html]
[www.cybelius.fr/index07c7.json]
[www.cybelius.fr/indexe389.json]
[www.cybelius.fr/indexefe3.html]
[www.cybelius.fr/index6b26.json]
[www.cybelius.fr/indexdbcb.html]
[www.cybelius.fr/indexb04d.html]
[www.cybelius.fr/indexaf14.json]
[www.cybelius.fr/index1105.html]
[www.cybelius.fr/index57c4.json]
[www.cybelius.fr/indexea9a.json]
[www.cybelius.fr/wp-content/uploads/2020/03/Evaluation-EN.pdf]
[www.cybelius.fr/index6cfa.html]
[www.cybelius.fr/index8a15.json]
[www.cybelius.fr/index84ad.html]
[www.cybelius.fr/index8bf8.html]
[www.cybelius.fr/index283e.json]
[www.cybelius.fr/index5165.html]
[www.cybelius.fr/index38d4.json]
[www.cybelius.fr/indexf470.html]
[www.cybelius.fr/index06f9.html]
[www.cybelius.fr/indexb61b.json]
[www.cybelius.fr/wp-content/uploads/2020/03/CyPRES-EN-.pdf]
[www.cybelius.fr/index761c.html]
[www.cybelius.fr/indexbcfa.json]
[www.cybelius.fr/indexdb79.html]
[www.cybelius.fr/index0d53.html]
[site4.stellis-vm1.nfrance.net/wp-content/uploads/2021/03/1200px-ANSSI_Logo.svg_-e1616691176842.html]
[site4.stellis-vm1.nfrance.net/wp-content/uploads/2021/03/iec.html]
[www.cybelius.fr/index9fc3.html]
[site4.stellis-vm1.nfrance.net/wp-content/uploads/2021/03/isoo.html]
[www.cybelius.fr/indexc0c3.html]
[www.cybelius.fr/index89c5.html]
[www.cybelius.fr/index997d.html]
[www.cybelius.fr/index6c7a.html]
[www.cybelius.fr/indexd4cd.html]
[www.cybelius.fr/indexbc58.html]
[www.cybelius.fr/index73e9.html]
[www.cybelius.fr/index488b.html]
[www.cybelius.fr/index5d1c.html]
[www.cybelius.fr/index73a3.html]
[www.cybelius.fr/index5d13.html]
[www.cybelius.fr/index0d88.html]
[www.cybelius.fr/index1507.html]
[www.cybelius.fr/index7e0c.html]
[www.cybelius.fr/index17b6.html]
[www.cybelius.fr/index886c.json]
[www.cybelius.fr/indexe5df.json]
[www.cybelius.fr/indexc152.html]
[www.cybelius.fr/index3a94.json]
[www.cybelius.fr/indexa90a.json]
[www.cybelius.fr/wp-content/uploads/2019/03/Plaquette_CyFENCE-2019.pdf]
[www.cybelius.fr/indexf27d.html]
[site4.stellis-vm1.nfrance.net/wp-content/uploads/2021/03/Inetum-300x106.html]
[www.cybelius.fr/index4cae.html]
[www.cybelius.fr/indexfa46.html]
[site4.stellis-vm1.nfrance.net/wp-content/uploads/2021/03/NP-300x119.html]
[site4.stellis-vm1.nfrance.net/wp-content/uploads/2021/03/semeru2-300x144.html]
[www.cybelius.fr/wp-content/uploads/2021/02/Capture-d’écran-2021-02-16-à-15.31.37.html]
[www.cybelius.fr/index8f7c.html]
[www.cybelius.fr/index19fe.html]
[www.cybelius.fr/nos-solutions/evaluation/index.html]
[site4.stellis-vm1.nfrance.net/wp-content/uploads/2021/03/Capture-decran-2021-03-23-a-13.21.12-300x163.html]
[www.cybelius.fr/index78e5.html]
[www.cybelius.fr/index8df1.html]
[site4.stellis-vm1.nfrance.net/wp-content/uploads/2021/03/SCHEMA-EVALUATION-1-300x100.html]
[www.cybelius.fr/index2d28.html]
[www.cybelius.fr/indexb37b.html]
[www.cybelius.fr/index2737.json]
[www.cybelius.fr/wp-content/uploads/2019/03/Plaquette_NP-View.pdf]
[www.cybelius.fr/indexe274.html]
[site4.stellis-vm1.nfrance.net/wp-content/uploads/2021/03/CyFENCE-wall-168x300.html]
[www.cybelius.fr/index6a17.html]
[www.cybelius.fr/index9f93.html]
[www.cybelius.fr/indexe570.json]
[www.cybelius.fr/index5d10.json]
[www.cybelius.fr/wp-content/uploads/2021/04/CyFENCE-SIEM-Service.pdf]
[www.cybelius.fr/index79ee.html]
[site4.stellis-vm1.nfrance.net/wp-content/uploads/2021/03/cyfence-keenai-300x97.html]
[www.cybelius.fr/wp-content/uploads/2021/04/all.png]
[www.cybelius.fr/indexcb76.html]
[www.cybelius.fr/index6988.json]
[www.cybelius.fr/index0584.json]
[www.cybelius.fr/wp-content/uploads/2021/04/SECLAB-CYBELIUS_Brochure.pdf]
[www.cybelius.fr/index6e79.html]
[site4.stellis-vm1.nfrance.net/wp-content/uploads/2021/03/Cypres-300x269.html]
[www.cybelius.fr/index6124.html]
[www.cybelius.fr/index37b6.html]
[www.cybelius.fr/indexb776.html]
[www.cybelius.fr/indexa3d6.html]
[www.cybelius.fr/index8bb0.json]
[www.cybelius.fr/index3f71.html]
[www.cybelius.fr/index911d.html]
[www.cybelius.fr/indexc728.html]
[www.cybelius.fr/indexe6c6.html]
[www.cybelius.fr/index.c204a2.delayed]
[www.cybelius.fr/index3f7b.html]
[www.cybelius.fr/indexa76c.html]
[www.cybelius.fr/index5659.html]
[www.cybelius.fr/indexb63a.html]
[www.cybelius.fr/indexbc6e.html]
[www.cybelius.fr/index8be0.json]
[www.cybelius.fr/index458e.json]
[www.cybelius.fr/wp-content/uploads/2020/07/CP_Sesame_CYbelius_Gfi_CP-1.pdf]
[www.cybelius.fr/index2a95.html]
[www.cybelius.fr/indexed28.json]
[www.cybelius.fr/indexfb76.json]
[www.cybelius.fr/wp-content/uploads/2020/06/CP-CYBELIUS_SESAME-IT.pdf]
[www.cybelius.fr/wp-content/uploads/2019/12/logo-cybelius.png]
[www.cybelius.fr/index3af2.html]
[www.cybelius.fr/wp-content/uploads/2020/01/CyFENCE.png]
[www.cybelius.fr/indexf287.json]
[www.cybelius.fr/index872a.json]
[www.cybelius.fr/wp-content/uploads/2020/01/Keenai.png]
[www.cybelius.fr/wp-content/uploads/2020/02/CP-CyFENCE-SIEM-Service.pdf]
[www.cybelius.fr/index71f9.html]
[www.cybelius.fr/indexb781.json]
[www.cybelius.fr/index7422.json]
[www.cybelius.fr/wp-content/uploads/2020/01/CP-SNCF-Cybelius.pdf]
[www.cybelius.fr/index2dff.html]
[www.cybelius.fr/indexaa1e.html]
[www.cybelius.fr/wp-content/uploads/2019/01/FPC_ingenierie-FIC-2019_cybersecurite.jpg]
[www.cybelius.fr/indexe8d3.html]
[www.cybelius.fr/index9222.html]
[www.cybelius.fr/indexbbc0.html]
[www.cybelius.fr/indexe4db.html]
[www.cybelius.fr/index097c.json]
[www.cybelius.fr/indexec1b.html]
[www.cybelius.fr/index601c.html]
[www.cybelius.fr/index50ca.html]
[www.cybelius.fr/index221f.html]
[www.cybelius.fr/indexb247.html]
[www.cybelius.fr/indexbd9c.json]
[www.cybelius.fr/index4a55.html]
[www.cybelius.fr/index26b1.html]
[www.cybelius.fr/index0397.json]
[www.cybelius.fr/indexe4ee.html]
[www.cybelius.fr/indexbea9.json]
[www.cybelius.fr/indexd900.html]
[www.cybelius.fr/indexf302.json]
[www.cybelius.fr/indexb946.html]
[www.cybelius.fr/index25cd.html]
[www.cybelius.fr/index4f7f.html]
[www.cybelius.fr/indexb217.json]
[www.cybelius.fr/index5e61.json]
[www.cybelius.fr/indexa7b3.html]
[www.cybelius.fr/indexfff6.html]
[www.cybelius.fr/index2c73.html]
[www.cybelius.fr/index0468.html]
[www.cybelius.fr/index0bee.html]
[www.cybelius.fr/indexce84.json]
[www.cybelius.fr/indexcd64.html]
[www.cybelius.fr/index3b5c.html]
[www.cybelius.fr/index78a0.html]
[www.cybelius.fr/index0ae0.html]
[www.cybelius.fr/indexb31a.html]
[www.cybelius.fr/indexe5dc.html]
[www.cybelius.fr/index153d.html]
[www.cybelius.fr/indexbc94.html]
[www.cybelius.fr/indexe17d.html]
[www.cybelius.fr/indexd832.html]
[www.cybelius.fr/index50b4.html]
[www.cybelius.fr/index3f9f.json]
[www.cybelius.fr/index2193.html]
[www.cybelius.fr/indexf8c8.html]
[www.cybelius.fr/indexb7b2.html]
[www.cybelius.fr/index7aa0.html]
[www.cybelius.fr/indexf47a.html]
[www.cybelius.fr/indexb0b7.html]
[www.cybelius.fr/index12d0.html]
[www.cybelius.fr/index7d12.html]
[www.cybelius.fr/index37c5.html]
[www.cybelius.fr/indexee2c.json]
[www.cybelius.fr/index2434.html]
[site4.stellis-vm1.nfrance.net/wp-content/uploads/2021/03/lemag-it-logo-300x68.html]
[www.cybelius.fr/indexf36e.html]
[www.cybelius.fr/index9dd9.html]
[site4.stellis-vm1.nfrance.net/wp-content/uploads/2021/03/globalsecuriy-300x109.html]
[site4.stellis-vm1.nfrance.net/wp-content/uploads/2021/03/Capture-decran-2021-03-23-a-14.05.42-300x219.html]
[site4.stellis-vm1.nfrance.net/wp-content/uploads/2021/03/Capture-decran-2021-03-23-a-14.08.41-300x268.html]
[site4.stellis-vm1.nfrance.net/wp-content/uploads/2021/03/Logo_Challenges-300x76.html]
[site4.stellis-vm1.nfrance.net/wp-content/uploads/2021/03/Capture-decran-2021-03-23-a-14.12.02-300x207.html]
[www.cybelius.fr/index77a0.json]
[www.cybelius.fr/index15fd.html]
[www.cybelius.fr/indexe3f7.html]
[www.cybelius.fr/indexfb98.html]
[www.cybelius.fr/index790a.html]
[www.cybelius.fr/indexf781.json]
[www.cybelius.fr/index5502.json]
[www.cybelius.fr/index80fa.html]
[www.cybelius.fr/wp-content/uploads/2017/12/msd-logo.png]
[www.cybelius.fr/index8e59.html]
[www.cybelius.fr/indexd709.html]
[www.cybelius.fr/indexc476.html]
[www.cybelius.fr/index90a3.json]
[www.cybelius.fr/index8018.html]
[www.cybelius.fr/indexa32e.html]
[www.cybelius.fr/index8d6e.html]
[www.cybelius.fr/indexd35c.html]
[www.cybelius.fr/index1685.json]
[www.cybelius.fr/index90b0.html]
[www.cybelius.fr/indexe7b5.html]
[www.cybelius.fr/index3852.html]
[www.cybelius.fr/indexddbe.html]
[www.cybelius.fr/indexd24f.html]
[www.cybelius.fr/wp-content/uploads/2017/12/0c4e690.jpg]
[www.cybelius.fr/index4413.html]
[www.cybelius.fr/wp-content/uploads/2017/11/construction-worker-495373L.jpg]
[www.cybelius.fr/index3681.html]
[www.cybelius.fr/index2877.html]
[www.cybelius.fr/index4995.html]
[www.cybelius.fr/index908c.html]
[www.cybelius.fr/index9763.json]
[www.cybelius.fr/indexa85a.html]
[www.cybelius.fr/indexd017.html]
[www.cybelius.fr/index7c14.html]
[www.cybelius.fr/index0064.html]
[www.cybelius.fr/index843d.json]
[www.cybelius.fr/index9251.html]
[www.cybelius.fr/index0a7a.html]
[www.cybelius.fr/wp-content/uploads/2017/11/analyse-de-risque.png]
[www.cybelius.fr/wp-content/uploads/2017/11/MCS.png]
[www.cybelius.fr/wp-content/uploads/2017/10/34492305_m.jpg]
[www.cybelius.fr/index1ce2.html]
[www.cybelius.fr/indexf9d5.html]
[www.cybelius.fr/wp-content/uploads/2017/11/71286114_s.jpg]
[www.cybelius.fr/index1e7c.html]
[www.cybelius.fr/indexb119.html]
[www.cybelius.fr/index23ae.html]
[www.cybelius.fr/index50d8.html]
[www.cybelius.fr/index3a0c.json]
[www.cybelius.fr/indexc98f.html]
[www.cybelius.fr/indexbc00.html]
[www.cybelius.fr/index91a2.html]
[www.cybelius.fr/indexe3eb.json]
[www.cybelius.fr/wp-content/uploads/2017/10/wolfcreek.jpg]
[www.cybelius.fr/wp-content/uploads/2017/11/46009357_s.jpg]
[www.cybelius.fr/index55df.html]
[www.cybelius.fr/wp-content/uploads/2017/11/machines-usine-voiture-bmw.jpg]
[www.cybelius.fr/indexe9a6.html]
[www.cybelius.fr/index90a4.html]
[www.cybelius.fr/indexc501.html]
[www.cybelius.fr/index006e.html]
[www.cybelius.fr/indexf298.json]
[www.cybelius.fr/indexe568.json]
[www.cybelius.fr/index3a3f.html]
[www.cybelius.fr/index8085.html]
[www.cybelius.fr/index.1026f58.delayed]
[www.cybelius.fr/indexb8e4.html]
[www.cybelius.fr/indexd22b.html]
[www.cybelius.fr/index0a3e.html]
[www.cybelius.fr/index2893.html]
[www.cybelius.fr/index3531.json]
[www.cybelius.fr/index1557.html]
[www.cybelius.fr/index8a4d.html]
[www.cybelius.fr/index23d1.html]
[www.cybelius.fr/indexf28e.html]
[www.cybelius.fr/index3fab.html]
[www.cybelius.fr/indexd48a.html]
[www.cybelius.fr/index17a8.html]
[www.cybelius.fr/indexe11c.html]
[www.cybelius.fr/index82ad.html]
[www.cybelius.fr/index5af1.html]
[www.cybelius.fr/index866d.json]
[www.cybelius.fr/indexbb46.html]
[www.cybelius.fr/index0133.html]
[www.cybelius.fr/indexaa73.html]
[www.cybelius.fr/index55d3.html]
[www.cybelius.fr/indexa2f0.html]
[www.cybelius.fr/index72d5.html]
[www.cybelius.fr/indexd0ee.json]
[www.cybelius.fr/indexf8dc.json]
[www.cybelius.fr/index329e.html]
[www.cybelius.fr/index801d.html]
[www.cybelius.fr/wp-content/themes/hestia-pro/assets/font-awesome/webfonts/fa-brands-400.html]
[www.cybelius.fr/wp-content/themes/hestia-pro/assets/font-awesome/webfonts/fa-brands-400.svg]
[www.cybelius.fr/wp-content/themes/hestia-pro/assets/font-awesome/webfonts/fa-regular-400.html]
[www.cybelius.fr/wp-content/themes/hestia-pro/assets/font-awesome/webfonts/fa-regular-400.svg]
[www.cybelius.fr/wp-content/themes/hestia-pro/assets/font-awesome/webfonts/fa-solid-900.html]
[www.cybelius.fr/wp-content/themes/hestia-pro/assets/font-awesome/webfonts/fa-solid-900.svg]
[www.cybelius.fr/index937f.html]
[www.cybelius.fr/index4777.html]
[www.cybelius.fr/index5db7.html]
[www.cybelius.fr/indexf632.html]
[www.cybelius.fr/indexc9ff.html]
[www.cybelius.fr/index1271.html]
[site4.stellis-vm1.nfrance.net/wp-content/uploads/2021/03/sem-300x144.html]
[www.cybelius.fr/index82b7.html]
[www.cybelius.fr/indexe9f9.html]
[www.cybelius.fr/indexa419.html]
[www.cybelius.fr/index7b75.json]
[www.cybelius.fr/index4b93.json]
[www.cybelius.fr/indexb04d.html]
[www.cybelius.fr/indexb10b.html]
[www.cybelius.fr/index78dd.json]
[www.cybelius.fr/index2237.json]
[www.cybelius.fr/indexdbcb.html]
[www.cybelius.fr/index2889.html]
[www.cybelius.fr/index18ab.html]
[site4.stellis-vm1.nfrance.net/wp-content/uploads/2021/03/schema-eval-EN.html]
[www.cybelius.fr/indexb6d0.html]
[www.cybelius.fr/indexcea4.html]
[www.cybelius.fr/indexe4cb.json]
[www.cybelius.fr/index9a66.json]
[www.cybelius.fr/wp-content/uploads/2020/03/NP-View-EN.pdf]
[www.cybelius.fr/index84ad.html]
[www.cybelius.fr/index7566.json]
[www.cybelius.fr/index85d4.json]
[www.cybelius.fr/index8bf8.html]
[www.cybelius.fr/index1a65.html]
[www.cybelius.fr/index9c33.html]
[www.cybelius.fr/index218a.json]
[www.cybelius.fr/wp-content/uploads/2020/03/CyFENCE-EN.pdf]
[www.cybelius.fr/index06f9.html]
[www.cybelius.fr/index8511.json]
[www.cybelius.fr/indexfa80.json]
[www.cybelius.fr/wp-content/uploads/2020/03/CyFENCE-SIEM-Service-EN.pdf]
[www.cybelius.fr/indexf470.html]
[www.cybelius.fr/indexd723.html]
[www.cybelius.fr/index525b.html]
[www.cybelius.fr/indexe024.html]
[www.cybelius.fr/index3e36.html]
[www.cybelius.fr/index195f.html]
[www.cybelius.fr/indexc0c3.html]
[www.cybelius.fr/index5808.html]
[www.cybelius.fr/indexd7b5.html]
[www.cybelius.fr/index03fe.json]
[www.cybelius.fr/index89c5.html]
[www.cybelius.fr/index4a18.html]
[www.cybelius.fr/indexb615.html]
[www.cybelius.fr/indexa2e8.html]
[www.cybelius.fr/index411d.json]
[www.cybelius.fr/index6c7a.html]
[www.cybelius.fr/indexb4f9.html]
[www.cybelius.fr/index7161.json]
[www.cybelius.fr/index8072.html]
[www.cybelius.fr/index9fc3-2.html]
[www.cybelius.fr/indexa7db.json]
[www.cybelius.fr/index9fc3.html]
[www.cybelius.fr/index1d05.json]
[www.cybelius.fr/indexb408.json]
[www.cybelius.fr/wp-content/uploads/2020/03/CP-SNCF-Cybelius-EN.pdf]
[www.cybelius.fr/indexd4cd.html]
[www.cybelius.fr/indexf70b.json]
[www.cybelius.fr/indexfe3a.json]
[www.cybelius.fr/index488b.html]
[www.cybelius.fr/index6aff.json]
[www.cybelius.fr/indexd514.json]
[www.cybelius.fr/wp-content/uploads/2020/06/CP-CYBELIUS_SESAME-IT-ENG-TRAD-1-1.pdf]
[www.cybelius.fr/index73e9.html]
[www.cybelius.fr/index6b08.json]
[www.cybelius.fr/index73a3.html]
[www.cybelius.fr/index5216.json]
[www.cybelius.fr/indexd17e.json]
[www.cybelius.fr/wp-content/uploads/2020/03/20200211-PR_CyFENCE-SIEM-service-Gfi-Cybelius_EN_VDEF.pdf]
[www.cybelius.fr/index5d13.html]
[www.cybelius.fr/indexac87.json]
[www.cybelius.fr/index17b6.html]
[www.cybelius.fr/index1507.html]
[www.cybelius.fr/index7e0c.html]
[www.cybelius.fr/index8140.html]
[www.cybelius.fr/index7cc6.html]
[site4.stellis-vm1.nfrance.net/wp-content/uploads/2021/03/pexels-lukas-669610-300x199.html]
[www.cybelius.fr/index01f7.html]
[www.cybelius.fr/indexedb0.html]
[www.cybelius.fr/index3812.html]
[www.cybelius.fr/indexce8d.html]
[www.cybelius.fr/index86d7.html]
[site4.stellis-vm1.nfrance.net/wp-content/uploads/2021/03/CyFENCE_image-300x291.html]
[www.cybelius.fr/indexb839.html]
[www.cybelius.fr/index3a89.html]
[www.cybelius.fr/index96c3.html]
[www.cybelius.fr/indexceb9.html]
[site4.stellis-vm1.nfrance.net/wp-content/uploads/2021/03/Capture-decran-2021-03-24-a-10.01.42-300x174.html]
[www.cybelius.fr/index5865.html]
[www.cybelius.fr/index19c5.html]
[www.cybelius.fr/indexdfed.html]
[www.cybelius.fr/index9276.html]
[www.cybelius.fr/indexbbb9.html]
[site4.stellis-vm1.nfrance.net/wp-content/uploads/2021/03/schema-2020-modif-1-273x300.html]
[www.cybelius.fr/indexb5dc.html]
[www.cybelius.fr/index5ff6.html]
[www.cybelius.fr/index63bc.json]
[www.cybelius.fr/indexcb76.html]
[www.cybelius.fr/index9ce9.html]
[www.cybelius.fr/index2efc.html]
[www.cybelius.fr/indexa3a8.json]
[www.cybelius.fr/indexc728.html]
[www.cybelius.fr/index00fd.html]
[www.cybelius.fr/index778b.html]
[www.cybelius.fr/index62bf.html]
[www.cybelius.fr/index3f97.html]
[www.cybelius.fr/index9034.json]
[www.cybelius.fr/index8053.json]
[www.cybelius.fr/indexe6c6.html]
[www.cybelius.fr/indexa76c.html]
[www.cybelius.fr/index5453.html]
[www.cybelius.fr/index1746.html]
[www.cybelius.fr/index6d29.html]
[www.cybelius.fr/index73ba.html]
[www.cybelius.fr/index5659.html]
[www.cybelius.fr/indexf9f1.html]
[www.cybelius.fr/index07d8.html]
[www.cybelius.fr/indexeebb.html]
[www.cybelius.fr/indexcf2c.html]
[www.cybelius.fr/index3c28.html]
[www.cybelius.fr/indexf0cb.html]
[www.cybelius.fr/indexee4b.html]
[www.cybelius.fr/index9427.html]
[www.cybelius.fr/index047d.html]
[www.cybelius.fr/index7243.html]
[www.cybelius.fr/index5b33.json]
[www.cybelius.fr/index74db.json]
[www.cybelius.fr/indexbc6e.html]
[www.cybelius.fr/index87fa.html]
[www.cybelius.fr/index28d1.html]
[www.cybelius.fr/index97cc.html]
[www.cybelius.fr/nos-solutions/cyfence-as-a-service/cyfence/index.html]
[www.cybelius.fr/nos-solutions/cyfence-as-a-service/keenai/index.html]
[www.cybelius.fr/index2ce0.html]
[www.cybelius.fr/index2c08.html]
[www.cybelius.fr/index7732.html]
[www.cybelius.fr/indexf4e8.html]
[www.cybelius.fr/index470c.json]
[www.cybelius.fr/index86e4.json]
[www.cybelius.fr/indexe8d3.html]
[www.cybelius.fr/index1e0a.html]
[www.cybelius.fr/indexf556.html]
[www.cybelius.fr/indexfee8.html]
[www.cybelius.fr/index16ff.html]
[www.cybelius.fr/indexb6d6.json]
[www.cybelius.fr/indexac95.json]
[www.cybelius.fr/index9222.html]
[www.cybelius.fr/index2256.html]
[www.cybelius.fr/indexacc2.html]
[www.cybelius.fr/index5502-2.json]
[www.cybelius.fr/index02f3.json]
[www.cybelius.fr/indexe4db.html]
[www.cybelius.fr/indexacee.html]
[www.cybelius.fr/index72ff.html]
[www.cybelius.fr/index40cc.html]
[www.cybelius.fr/indexc24f.html]
[www.cybelius.fr/indexa784.html]
[www.cybelius.fr/index6a20.json]
[www.cybelius.fr/index3147.json]
[www.cybelius.fr/indexec1b.html]
[www.cybelius.fr/indexfb87.html]
[www.cybelius.fr/index5162.html]
[www.cybelius.fr/index88a3.html]
[www.cybelius.fr/indexa1ca.html]
[www.cybelius.fr/indexeff8.json]
[www.cybelius.fr/index5f28.json]
[www.cybelius.fr/index601c.html]
[www.cybelius.fr/index511d.html]
[www.cybelius.fr/index4d1b.html]
[www.cybelius.fr/index8cbb.html]
[www.cybelius.fr/index12ae.html]
[www.cybelius.fr/indexca2f.json]
[www.cybelius.fr/indexd838.json]
[www.cybelius.fr/index50ca.html]
[www.cybelius.fr/indexa84a.html]
[www.cybelius.fr/indexb044.html]
[www.cybelius.fr/index0e65.html]
[www.cybelius.fr/index8425.json]
[www.cybelius.fr/index163f.json]
[www.cybelius.fr/index221f.html]
[www.cybelius.fr/index6779.html]
[www.cybelius.fr/index9c7b.html]
[www.cybelius.fr/index43ce.html]
[www.cybelius.fr/index8d93.html]
[www.cybelius.fr/index7b0c.html]
[www.cybelius.fr/index5472.html]
[www.cybelius.fr/index24b7.html]
[www.cybelius.fr/indexda19.html]
[www.cybelius.fr/indexb12f.json]
[www.cybelius.fr/indexfbc9.json]
[www.cybelius.fr/indexb247.html]
[www.cybelius.fr/index8b60.html]
[www.cybelius.fr/indexa4f0.json]
[www.cybelius.fr/indexdc47.html]
[www.cybelius.fr/index3cf3.html]
[www.cybelius.fr/index342a.html]
[www.cybelius.fr/index4a55.html]
[www.cybelius.fr/indexe8a6.html]
[www.cybelius.fr/index93cb.html]
[www.cybelius.fr/indexf03e.json]
[www.cybelius.fr/indexe4ee.html]
[www.cybelius.fr/index2be9.html]
[www.cybelius.fr/index30d4.json]
[www.cybelius.fr/index4f7f.html]
[www.cybelius.fr/index63d9.html]
[www.cybelius.fr/indexca52.json]
[www.cybelius.fr/indexfff6.html]
[www.cybelius.fr/indexc0ed.json]
[www.cybelius.fr/index2c73.html]
[www.cybelius.fr/index023d.html]
[www.cybelius.fr/indexb803.html]
[www.cybelius.fr/index529b.json]
[www.cybelius.fr/index0468.html]
[www.cybelius.fr/indexa282.json]
[www.cybelius.fr/index0bee.html]
[www.cybelius.fr/index1f3e.html]
[www.cybelius.fr/index2090.html]
[www.cybelius.fr/indexde37.json]
[www.cybelius.fr/index00ac.json]
[www.cybelius.fr/index0ae0.html]
[www.cybelius.fr/indexfb7a.json]
[www.cybelius.fr/indexb31a.html]
[www.cybelius.fr/index7e31.html]
[www.cybelius.fr/indexda98.json]
[www.cybelius.fr/index5b31.html]
[www.cybelius.fr/index6ccf.json]
[www.cybelius.fr/index153d.html]
[www.cybelius.fr/indexbc94.html]
[www.cybelius.fr/indexcdc6.html]
[www.cybelius.fr/index6ba6.html]
[www.cybelius.fr/index8900.html]
[www.cybelius.fr/index9d5d.json]
[www.cybelius.fr/indexa773.html]
[www.cybelius.fr/indexb942.json]
[www.cybelius.fr/indexe17d.html]
[www.cybelius.fr/index89a2.html]
[www.cybelius.fr/index4db1.html]
[www.cybelius.fr/indexf9c5.html]
[www.cybelius.fr/indexf09e.html]
[www.cybelius.fr/indexbb79.json]
[www.cybelius.fr/index4558.html]
[www.cybelius.fr/index3906.html]
[www.cybelius.fr/indexab22.html]
[www.cybelius.fr/index0a90.json]
[www.cybelius.fr/indexd832.html]
[www.cybelius.fr/indexaf0e.html]
[www.cybelius.fr/index.180f1c4.delayed]
[www.cybelius.fr/index73bb.html]
[www.cybelius.fr/indexa51d.html]
[www.cybelius.fr/index8a32.html]
[www.cybelius.fr/indexce52.html]
[www.cybelius.fr/index908b.html]
[www.cybelius.fr/index255c.json]
[www.cybelius.fr/index2193-2.html]
[www.cybelius.fr/indexbf75.html]
[www.cybelius.fr/indexd279.html]
[www.cybelius.fr/index50b4.html]
[www.cybelius.fr/index1844.html]
[www.cybelius.fr/indexdb30.json]
[www.cybelius.fr/indexf16e.html]
[www.cybelius.fr/index2558.html]
[www.cybelius.fr/indexbd13.html]
[www.cybelius.fr/index58bd.html]
[www.cybelius.fr/indexfcff.json]
[www.cybelius.fr/indexf8c8.html]
[www.cybelius.fr/index2193.html]
[www.cybelius.fr/index2f3e.html]
[www.cybelius.fr/index3bee.html]
[www.cybelius.fr/indexcb16.html]
[www.cybelius.fr/index567b.html]
[www.cybelius.fr/index961c.html]
[www.cybelius.fr/indexd0e1.html]
[www.cybelius.fr/index2e0a.json]
[www.cybelius.fr/index7d31.json]
[www.cybelius.fr/index12d0.html]
[www.cybelius.fr/index68ad.html]
[www.cybelius.fr/index7f2c.html]
[www.cybelius.fr/indexb621.json]
[www.cybelius.fr/index85a4.html]
[www.cybelius.fr/indexc24c.json]
[platform.twitter.com/widgets.js]
[www.cybelius.fr/index7aa0.html]
[www.cybelius.fr/indexa7dc.html]
[www.cybelius.fr/indexa234.json]
[www.cybelius.fr/indexb0b7.html]
[www.cybelius.fr/index7165.html]
[www.cybelius.fr/index9607.html]
[www.cybelius.fr/indexb997.html]
[www.cybelius.fr/index07d3.html]
[www.cybelius.fr/index6eb7.html]
[www.cybelius.fr/indexb2f6.json]
[www.cybelius.fr/index9216.json]
[www.cybelius.fr/indexf47a.html]
[www.cybelius.fr/index380d.html]
[www.cybelius.fr/index79c5.html]
[www.cybelius.fr/indexbc82.html]
[www.cybelius.fr/index3c9f.html]
[www.cybelius.fr/index1288.html]
[www.cybelius.fr/indexb58b.html]
[www.cybelius.fr/index5cf8.html]
[www.cybelius.fr/indexfac1.html]
[www.cybelius.fr/indexbc00-2.html]
[www.cybelius.fr/index3430.json]
[www.cybelius.fr/index790a.html]
[www.cybelius.fr/indexd055.html]
[www.cybelius.fr/methode-danalyse-de-risques/index.html]
[www.cybelius.fr/2017/11/30/comment-investir-votre-premier-euro-en-cybersecurite-industrielle/index.html]
[www.cybelius.fr/index7576.json]
[www.cybelius.fr/index8e59.html]
[www.cybelius.fr/indexc426.html]
[www.cybelius.fr/index5284.json]
[www.cybelius.fr/indexd709.html]
[www.cybelius.fr/index3704.html]
[www.cybelius.fr/index3932.json]
[www.cybelius.fr/indexc476.html]
[www.cybelius.fr/indexd9b6.html]
[www.cybelius.fr/indexc376.json]
[www.cybelius.fr/index8018.html]
[www.cybelius.fr/index794c.html]
[www.cybelius.fr/indexd5b1.json]
[www.cybelius.fr/indexa32e.html]
[www.cybelius.fr/index0ce3.html]
[www.cybelius.fr/index6637.html]
[www.cybelius.fr/indexf141.json]
[www.cybelius.fr/index8d6e.html]
[www.cybelius.fr/index9811.html]
[www.cybelius.fr/index8e6b.json]
[www.cybelius.fr/indexd35c.html]
[www.cybelius.fr/index90b0.html]
[www.cybelius.fr/index4ef7.html]
[www.cybelius.fr/indexd9c2.json]
[www.cybelius.fr/indexe7b5.html]
[www.cybelius.fr/index8d8e.html]
[www.cybelius.fr/index42ec.json]
[www.cybelius.fr/index3852.html]
[www.cybelius.fr/index32ae.html]
[www.cybelius.fr/indexc2f5.json]
[www.cybelius.fr/indexddbe.html]
[www.cybelius.fr/index6798.json]
[www.cybelius.fr/indexd24f.html]
[www.cybelius.fr/indexea58.html]
[www.cybelius.fr/indexfc63.html]
[www.cybelius.fr/indexb489.json]
[www.cybelius.fr/index3681.html]
[www.cybelius.fr/indexbc1d.html]
[www.cybelius.fr/index4fdd.json]
[www.cybelius.fr/index4995.html]
[www.cybelius.fr/index2877.html]
[www.cybelius.fr/index04d2.html]
[www.cybelius.fr/index7e85.html]
[www.cybelius.fr/index78be.json]
[www.cybelius.fr/index908c.html]
[www.cybelius.fr/index39a4.html]
[www.cybelius.fr/index4d3c.html]
[www.cybelius.fr/index66aa.json]
[www.cybelius.fr/indexa85a.html]
[www.cybelius.fr/indexbac8.html]
[www.cybelius.fr/index76df.json]
[www.cybelius.fr/indexd017.html]
[www.cybelius.fr/index770c.html]
[www.cybelius.fr/index89b4.json]
[www.cybelius.fr/index7c14.html]
[www.cybelius.fr/index5620.html]
[www.cybelius.fr/index12b2.json]
[www.cybelius.fr/index0064.html]
[www.cybelius.fr/index6dc0.html]
[www.cybelius.fr/index4cd3.json]
[www.cybelius.fr/index9251.html]
[www.cybelius.fr/index9884.json]
[www.cybelius.fr/index0a7a.html]
[www.cybelius.fr/indexdb4d.html]
[www.cybelius.fr/cypres/index.html]
[www.cybelius.fr/2017/10/26/equipes-it-et-ot-le-nouveau-duo-de-lindustrie/index.html]
[www.cybelius.fr/index994f.html]
[www.cybelius.fr/indexdcb4.json]
[www.cybelius.fr/index23ae.html]
[www.cybelius.fr/index5e06.html]
[www.cybelius.fr/index9cba.json]
[www.cybelius.fr/index1e7c.html]
[www.cybelius.fr/indexac5a.html]
[www.cybelius.fr/index3589.json]
[www.cybelius.fr/indexf9d5.html]
[www.cybelius.fr/index80b0.html]
[www.cybelius.fr/index6381.json]
[www.cybelius.fr/indexb119.html]
[www.cybelius.fr/index943e.html]
[www.cybelius.fr/index7a62.json]
[www.cybelius.fr/index50d8.html]
[www.cybelius.fr/indexeb0d.html]
[www.cybelius.fr/index7153.html]
[www.cybelius.fr/indexf015.json]
[www.cybelius.fr/indexbc00.html]
[www.cybelius.fr/indexd4ca.html]
[www.cybelius.fr/index1f7a.json]
[www.cybelius.fr/index91a2.html]
[www.cybelius.fr/indexabdd.json]
[www.cybelius.fr/indexc98f.html]
[www.cybelius.fr/indexb96d.html]
[www.cybelius.fr/indexaf4a.html]
[www.cybelius.fr/index237d.json]
[www.cybelius.fr/indexe9a6.html]
[www.cybelius.fr/index3e7f.html]
[www.cybelius.fr/index0f8b.json]
[www.cybelius.fr/index90a4.html]
[www.cybelius.fr/indexf912.html]
[www.cybelius.fr/index4bf3.json]
[www.cybelius.fr/indexc501.html]
[www.cybelius.fr/index1828.json]
[www.cybelius.fr/index006e.html]
[www.cybelius.fr/index828c.html]
[www.cybelius.fr/index42a9.json]
[www.cybelius.fr/index8085.html]
[www.cybelius.fr/index4664.html]
[www.cybelius.fr/index65b6.html]
[www.cybelius.fr/index3feb.html]
[www.cybelius.fr/index2b89.json]
[www.cybelius.fr/indexb8e4.html]
[www.cybelius.fr/index0255.json]
[www.cybelius.fr/indexd22b.html]
[www.cybelius.fr/index0a3e.html]
[www.cybelius.fr/index1451.html]
[www.cybelius.fr/index4307.json]
[www.cybelius.fr/index2893.html]
[www.cybelius.fr/index2666.html]
[www.cybelius.fr/index23d1.html]
[www.cybelius.fr/index8221.html]
[www.cybelius.fr/index8640.html]
[www.cybelius.fr/indexccbf.json]
[www.cybelius.fr/indexf28e.html]
[www.cybelius.fr/index3e20.html]
[www.cybelius.fr/index287f.json]
[www.cybelius.fr/index3fab.html]
[www.cybelius.fr/indexa8ae.json]
[www.cybelius.fr/indexd48a.html]
[www.cybelius.fr/indexad7f.html]
[www.cybelius.fr/index79dc.html]
[www.cybelius.fr/indexd632.json]
[www.cybelius.fr/index17a8.html]
[www.cybelius.fr/index8a0d.html]
[www.cybelius.fr/indexefbf.json]
[www.cybelius.fr/indexe11c.html]
[www.cybelius.fr/index1b05.html]
[www.cybelius.fr/indexa595.json]
[www.cybelius.fr/index5af1.html]
[www.cybelius.fr/index7e84.json]
[www.cybelius.fr/index82ad.html]
[www.cybelius.fr/indexbb46.html]
[www.cybelius.fr/index9f80.html]
[www.cybelius.fr/index8da3.html]
[www.cybelius.fr/index44e2.json]
[www.cybelius.fr/index7873.html]
[www.cybelius.fr/index97c2.json]
[www.cybelius.fr/index0133.html]
[www.cybelius.fr/indexe55a.html]
[www.cybelius.fr/index7fc5.html]
[www.cybelius.fr/index94f1.html]
[www.cybelius.fr/index75f1.html]
[www.cybelius.fr/index0894.html]
[www.cybelius.fr/index4c1a.html]
[www.cybelius.fr/index651b.html]
[www.cybelius.fr/index736c.html]
[www.cybelius.fr/indexfc77.json]
[www.cybelius.fr/indexa419.html]
[site4.stellis-vm1.nfrance.net/wp-content/uploads/2021/03/schema-eval-EN-300x100.html]
[www.cybelius.fr/index4874.html]
[www.cybelius.fr/index5ef4.html]
[www.cybelius.fr/en/np-view/index.html]
[www.cybelius.fr/en/method-apero/index.html]
[www.cybelius.fr/index2840.html]
[www.cybelius.fr/index89b7.json]
[www.cybelius.fr/indexb10b.html]
[www.cybelius.fr/indexe46e.html]
[www.cybelius.fr/index6261.html]
[www.cybelius.fr/index9a7d.html]
[www.cybelius.fr/index713e.html]
[www.cybelius.fr/index5cce.html]
[www.cybelius.fr/index1785.html]
[www.cybelius.fr/index470c.html]
[www.cybelius.fr/indexdca8.html]
[www.cybelius.fr/index77c2.html]
[www.cybelius.fr/index4069.html]
[www.cybelius.fr/index4279.html]
[www.cybelius.fr/index4920.html]
[www.cybelius.fr/indexbd04.html]
[www.cybelius.fr/index831c.html]
[www.cybelius.fr/indexd21b.html]
[www.cybelius.fr/indexca82.html]
[www.cybelius.fr/index132c.html]
[www.cybelius.fr/index5808.html]
[www.cybelius.fr/index4a18.html]
[www.cybelius.fr/indexb615.html]
[www.cybelius.fr/index7415.html]
[www.cybelius.fr/index721c.json]
[www.cybelius.fr/index4cc1.json]
[www.cybelius.fr/index8072.html]
[www.cybelius.fr/index4f41.json]
[www.cybelius.fr/index9fc3-2.html]
[www.cybelius.fr/index6f00.html]
[www.cybelius.fr/en/2017/10/26/equipes-it-et-ot-le-nouveau-duo-de-lindustrie/index.html]
[www.cybelius.fr/index4e6e.html]
[www.cybelius.fr/index437b.html]
[www.cybelius.fr/index2969.html]
[www.cybelius.fr/index7e53.html]
[www.cybelius.fr/index1e05.html]
[www.cybelius.fr/index4668.html]
[www.cybelius.fr/index2cdd.html]
[www.cybelius.fr/index7a21.json]
[www.cybelius.fr/index88b5.html]
[www.cybelius.fr/index8140.html]
[www.cybelius.fr/index7bf8.json]
[www.cybelius.fr/index7cc6.html]
[www.cybelius.fr/index5317.json]
[www.cybelius.fr/indexedb0.html]
[www.cybelius.fr/index6c9b.json]
[www.cybelius.fr/index3812.html]
[www.cybelius.fr/indexc585.json]
[www.cybelius.fr/index86d7.html]
[www.cybelius.fr/indexb839.html]
[www.cybelius.fr/index3bbd.html]
[www.cybelius.fr/indexe880.html]
[www.cybelius.fr/indexbf55.html]
[www.cybelius.fr/indexbafd.html]
[www.cybelius.fr/index6b2e.json]
[www.cybelius.fr/indexceb9.html]
[www.cybelius.fr/index96a6.json]
[www.cybelius.fr/index5ff6.html]
[www.cybelius.fr/indexb5dc.html]
[www.cybelius.fr/index5278.html]
[www.cybelius.fr/index74d3.html]
[www.cybelius.fr/indexe523.html]
[www.cybelius.fr/index2c5f.json]
[www.cybelius.fr/index6086.json]
[www.cybelius.fr/index62bf.html]
[www.cybelius.fr/index9d75.json]
[www.cybelius.fr/index0061.html]
[www.cybelius.fr/indexfca8.html]
[www.cybelius.fr/index4b4d.json]
[www.cybelius.fr/index778b.html]
[www.cybelius.fr/indexbeae.html]
[www.cybelius.fr/index7b74.html]
[www.cybelius.fr/index48d1.html]
[www.cybelius.fr/index5400.json]
[www.cybelius.fr/index253f.json]
[www.cybelius.fr/index3f97.html]
[www.cybelius.fr/index3dab.html]
[www.cybelius.fr/index3b45.html]
[www.cybelius.fr/index242e.html]
[www.cybelius.fr/index642a.html]
[www.cybelius.fr/index1b9d.html]
[www.cybelius.fr/index4949.json]
[www.cybelius.fr/index5453.html]
[www.cybelius.fr/index7e53-2.html]
[www.cybelius.fr/indexb5c5.json]
[www.cybelius.fr/index1746.html]
[www.cybelius.fr/indexbf34.html]
[www.cybelius.fr/index3902.json]
[www.cybelius.fr/index6d29.html]
[www.cybelius.fr/index21a8.json]
[www.cybelius.fr/index73ba.html]
[www.cybelius.fr/index33c8.html]
[www.cybelius.fr/indexe8d1.json]
[www.cybelius.fr/indexf9f1.html]
[www.cybelius.fr/index70ad.html]
[www.cybelius.fr/indexd8eb.json]
[www.cybelius.fr/index07d8.html]
[www.cybelius.fr/index5f1f.html]
[www.cybelius.fr/index90c6.json]
[www.cybelius.fr/indexeebb.html]
[www.cybelius.fr/index4603.json]
[www.cybelius.fr/indexcf2c.html]
[www.cybelius.fr/indexcd32.html]
[www.cybelius.fr/index43e2.json]
[www.cybelius.fr/index3c28.html]
[www.cybelius.fr/indexf3ad.html]
[www.cybelius.fr/indexb0b1.json]
[www.cybelius.fr/indexf0cb.html]
[www.cybelius.fr/indexee4b.html]
[www.cybelius.fr/index9427.html]
[www.cybelius.fr/index89e2.html]
[www.cybelius.fr/index047d.html]
[www.cybelius.fr/index082a.html]
[www.cybelius.fr/index566e.html]
[www.cybelius.fr/indexd1e1.html]
[www.cybelius.fr/index08b7.html]
[www.cybelius.fr/indexeeaf.html]
[www.cybelius.fr/indexc381.json]
[www.cybelius.fr/index7243.html]
[www.cypres-security.fr/wp-content/uploads/2017/03/drapeaux-france-allemagne.html]
[www.cybelius.fr/index4e0f.html]
[www.cybelius.fr/indexdd40.json]
[www.cybelius.fr/index7732.html]
[www.cybelius.fr/index7cce.html]
[www.cybelius.fr/index3369.json]
[www.cybelius.fr/indexf4e8.html]
[www.cypres-security.fr/wp-content/uploads/2017/09/Itris.html]
[www.cybelius.fr/indexc9e4.html]
[www.cypres-security.fr/wp-content/uploads/2017/09/baie2CyFENCE.html]
[www.cypres-security.fr/wp-content/uploads/2017/09/maison-de-la-recherche-paris.html]
[www.cybelius.fr/index2222.html]
[www.cybelius.fr/index2670.json]
[www.cybelius.fr/index1e0a.html]
[www.cybelius.fr/indexae61.html]
[www.cybelius.fr/index7925.json]
[www.cybelius.fr/indexf556.html]
[www.cybelius.fr/index317a.html]
[www.cybelius.fr/index8203.json]
[www.cybelius.fr/indexfee8.html]
[www.cybelius.fr/indexa710.json]
[www.cybelius.fr/index16ff.html]
[www.cypres-security.fr/wp-content/uploads/2017/09/exera.html]
[www.cybelius.fr/index76cf.html]
[www.cybelius.fr/index8868.json]
[www.cybelius.fr/index2256.html]
[www.cybelius.fr/index8229.json]
[www.cybelius.fr/indexacc2.html]
[www.cypres-security.fr/wp-content/uploads/2017/04/BANNIERE2L.html]
[www.cybelius.fr/index9685.html]
[www.cybelius.fr/indexb218.json]
[www.cybelius.fr/indexacee.html]
[www.cybelius.fr/index1a89.html]
[www.cybelius.fr/indexe2fa.html]
[www.cybelius.fr/index6e60.json]
[www.cybelius.fr/index72ff.html]
[www.cybelius.fr/index3117.html]
[www.cybelius.fr/index1372.json]
[www.cybelius.fr/index40cc.html]
[www.cybelius.fr/indexb643.html]
[www.cybelius.fr/index3259.json]
[www.cybelius.fr/indexc24f.html]
[www.cybelius.fr/index412f.json]
[www.cybelius.fr/indexa784.html]
[www.cypres-security.fr/wp-content/uploads/2017/03/1715137707-IND2017-LOGOS3-1476204398.html]
[www.cybelius.fr/index2a9a.html]
[www.cypres-security.fr/wp-content/uploads/2017/03/FPCi-copie.html]
[www.cypres-security.fr/wp-content/uploads/2017/03/INDUSTRIE-Banniere.html]
[www.cybelius.fr/indexe1b0.json]
[www.cybelius.fr/indexfb87.html]
[www.cybelius.fr/indexbd0f.html]
[www.cybelius.fr/indexc183.json]
[www.cybelius.fr/index5162.html]
[www.cybelius.fr/index373e.html]
[www.cybelius.fr/indexb978.html]
[www.cybelius.fr/index7c14.json]
[www.cybelius.fr/index88a3.html]
[www.cybelius.fr/index0f01.json]
[www.cybelius.fr/indexa1ca.html]
[www.cypres-security.fr/wp-content/uploads/2017/03/P2060133L.html]
[www.cybelius.fr/indexc48d.html]
[www.cypres-security.fr/wp-content/uploads/2017/03/Don_upson.html]
[www.cybelius.fr/index242c.html]
[www.cybelius.fr/index759e.json]
[www.cybelius.fr/index511d.html]
[www.cybelius.fr/index1211.json]
[www.cybelius.fr/index4d1b.html]
[www.cybelius.fr/index168e.json]
[www.cybelius.fr/index8cbb.html]
[www.cybelius.fr/index129b.html]
[www.cybelius.fr/indexdde6.json]
[www.cybelius.fr/index12ae.html]
[www.cypres-security.fr/wp-content/uploads/2017/02/P1240021L.html]
[www.cybelius.fr/indexabc4.html]
[www.cybelius.fr/index1b23.html]
[www.cybelius.fr/index8fa9.json]
[www.cybelius.fr/indexa84a.html]
[www.cybelius.fr/indexd4a3.html]
[www.cybelius.fr/index96b5.json]
[www.cybelius.fr/indexb044.html]
[www.cybelius.fr/index29a9.json]
[www.cybelius.fr/index0e65.html]
[www.cypres-security.fr/wp-content/uploads/2017/01/CxPAI73XAAYtfDd.html]
[www.cybelius.fr/indexdc9a.html]
[www.cypres-security.fr/wp-content/uploads/2017/01/PLATEFRORME.html]
[www.cybelius.fr/index24a8.html]
[www.cybelius.fr/index8ec4.html]
[www.cybelius.fr/index9f80.json]
[www.cybelius.fr/index9c7b.html]
[www.cybelius.fr/index2398.html]
[www.cybelius.fr/index1c33.json]
[www.cybelius.fr/index6779.html]
[www.cybelius.fr/index4a0f.html]
[www.cybelius.fr/index8f37.json]
[www.cybelius.fr/index43ce.html]
[www.cybelius.fr/index88a3.json]
[www.cybelius.fr/index8d93.html]
[www.cybelius.fr/index26cb.json]
[www.cybelius.fr/index24b7.html]
[www.cybelius.fr/index776b.html]
[www.cybelius.fr/index8478.html]
[www.cybelius.fr/index9d78.json]
[www.cybelius.fr/index7b0c.html]
[www.cybelius.fr/indexb2dc.html]
[www.cybelius.fr/indexe535.json]
[www.cybelius.fr/index5472.html]
[www.cybelius.fr/index5db8.html]
[www.cybelius.fr/index33f4.json]
[www.cybelius.fr/indexda19.html]
[www.cypres-security.fr/wp-content/uploads/2016/11/uksecurity.html]
[www.cybelius.fr/index8d01.html]
[www.cypres-security.fr/wp-content/uploads/2016/11/DHR_3828-2.html]
[www.cybelius.fr/index8b60.html]
[www.cybelius.fr/index5b3d.html]
[www.cybelius.fr/index4a52.html]
[www.cybelius.fr/index133c.json]
[www.cybelius.fr/index3cf3.html]
[www.cybelius.fr/indexa73a.html]
[www.cybelius.fr/index2cfd.json]
[www.cybelius.fr/indexdc47.html]
[www.cybelius.fr/indexf1e9.html]
[www.cybelius.fr/indexb696.json]
[www.cybelius.fr/index342a.html]
[www.cybelius.fr/index5b0d.html]
[www.cybelius.fr/index7b2b.json]
[www.cybelius.fr/index93cb.html]
[www.cybelius.fr/index3c43.html]
[www.cybelius.fr/indexbccd.html]
[www.cybelius.fr/index115d.html]
[www.cybelius.fr/index9d8f.html]
[www.cybelius.fr/indexb008.json]
[www.cybelius.fr/index2090.html]
[www.cybelius.fr/index0ed7.html]
[www.cybelius.fr/index6fd2.json]
[www.cybelius.fr/index5b31.html]
[www.cybelius.fr/indexb106.html]
[www.cybelius.fr/index6ba6.html]
[www.cybelius.fr/indexa773.html]
[www.cybelius.fr/indexc3a6.html]
[www.cybelius.fr/index87b6.json]
[www.cybelius.fr/index89a2.html]
[www.cybelius.fr/index66ff.html]
[www.cybelius.fr/index094e-2.html]
[www.cybelius.fr/indexda46.json]
[www.cybelius.fr/indexf9c5.html]
[www.cybelius.fr/indexcbfa.html]
[www.cybelius.fr/index1c6d.json]
[www.cybelius.fr/index4db1.html]
[www.cybelius.fr/index7425.json]
[www.cybelius.fr/indexf09e.html]
[www.cybelius.fr/index8873.html]
[www.cybelius.fr/index907e.json]
[www.cybelius.fr/index3906.html]
[www.cybelius.fr/index675a.html]
[www.cybelius.fr/indexa730.json]
[www.cybelius.fr/index4558.html]
[www.cybelius.fr/indexdde2.html]
[www.cybelius.fr/index30db.html]
[www.cybelius.fr/index27db.json]
[www.cybelius.fr/indexab22.html]
[www.cybelius.fr/index02af.html]
[www.cybelius.fr/index7b0f.html]
[www.cybelius.fr/indexda6e.json]
[www.cybelius.fr/indexa51d.html]
[www.cybelius.fr/index902f.html]
[www.cybelius.fr/indexb40e.json]
[www.cybelius.fr/indexaf0e.html]
[www.cybelius.fr/index498d.html]
[www.cybelius.fr/index6af0.json]
[www.cybelius.fr/index73bb.html]
[www.cybelius.fr/index4e7d.json]
[www.cybelius.fr/index8a32.html]
[www.cybelius.fr/index539a.html]
[www.cybelius.fr/index523a.json]
[www.cybelius.fr/indexce52.html]
[www.cybelius.fr/indexc707.html]
[www.cybelius.fr/index2e15.html]
[www.cybelius.fr/index8e9f.json]
[www.cybelius.fr/index908b.html]
[www.cybelius.fr/indexeaf0.json]
[www.cybelius.fr/index2193-2.html]
[www.cybelius.fr/indexd252.html]
[www.cybelius.fr/index24e2.html]
[www.cybelius.fr/indexbeef.json]
[www.cybelius.fr/indexbf75.html]
[www.cybelius.fr/index2b76.json]
[www.cybelius.fr/indexd279.html]
[www.cybelius.fr/indexcb76-2.html]
[www.cybelius.fr/index5296.html]
[www.cybelius.fr/indexfd3b.html]
[www.cybelius.fr/indexf31e.json]
[www.cybelius.fr/indexf16e.html]
[www.cybelius.fr/indexc271.html]
[www.cybelius.fr/index1a6a.json]
[www.cybelius.fr/index1844.html]
[www.cybelius.fr/index4a9e.json]
[www.cybelius.fr/index2558.html]
[www.cybelius.fr/index940c.html]
[www.cybelius.fr/indexaf62.html]
[www.cybelius.fr/index3997.json]
[www.cybelius.fr/indexbd13.html]
[www.cybelius.fr/index795c.json]
[www.cybelius.fr/index58bd.html]
[www.cybelius.fr/index1f4d.html]
[www.cybelius.fr/index69ee.html]
[www.cybelius.fr/index3b03.html]
[www.cybelius.fr/indexb815.json]
[www.cybelius.fr/index2f3e.html]
[www.cybelius.fr/indexc6a6.html]
[www.cybelius.fr/index8a0c.json]
[www.cybelius.fr/index3bee.html]
[www.cybelius.fr/indexea09.html]
[www.cybelius.fr/index9248.json]
[www.cybelius.fr/index567b.html]
[www.cybelius.fr/indexe6d0.html]
[www.cybelius.fr/index1d8f.json]
[www.cybelius.fr/indexcb16.html]
[www.cybelius.fr/index44da.html]
[www.cybelius.fr/indexc5be.json]
[www.cybelius.fr/indexd0e1.html]
[www.cypres-security.fr/wp-content/uploads/2017/07/wolfcreek.html]
[www.cybelius.fr/indexcd56.html]
[www.cybelius.fr/index5062.json]
[www.cybelius.fr/index68ad.html]
[www.cybelius.fr/indexb64a.html]
[www.cybelius.fr/index0de4.html]
[www.cybelius.fr/index9645.json]
[www.cybelius.fr/index7f2c.html]
[www.cybelius.fr/index8c56.json]
[www.cybelius.fr/index85a4.html]
[www.cypres-security.fr/wp-content/uploads/2017/07/supermarché.html]
[www.cybelius.fr/indexce26.html]
[www.cypres-security.fr/wp-content/uploads/2017/07/écran.html]
[www.cybelius.fr/index5d72.html]
[www.cybelius.fr/indexe712.json]
[www.cybelius.fr/indexa7dc.html]
[www.cybelius.fr/indexb49e.json]
[www.cybelius.fr/index7165.html]
[www.cybelius.fr/indexeace.html]
[www.cybelius.fr/index9182.html]
[www.cybelius.fr/index31a1.json]
[www.cybelius.fr/index9607.html]
[www.cybelius.fr/index2d42.html]
[www.cybelius.fr/index7a06.json]
[www.cybelius.fr/indexb997.html]
[www.cybelius.fr/index6f61.json]
[www.cybelius.fr/index6eb7.html]
[www.cypres-security.fr/wp-content/uploads/2017/03/GSM.html]
[www.cybelius.fr/indexaf91.html]
[www.cybelius.fr/indexfac1.html]
[www.cybelius.fr/indexbc00-2.html]
[www.cybelius.fr/index5cf8.html]
[www.cybelius.fr/index31db.html]
[www.cybelius.fr/index2719.html]
[www.cybelius.fr/index48b1.html]
[www.cybelius.fr/index094e.html]
[www.cybelius.fr/indexaa25.html]
[www.cybelius.fr/index7e85.html]
[www.cybelius.fr/indexecd8.html]
[www.cybelius.fr/index7aba.html]
[www.cybelius.fr/index8692.html]
[www.cybelius.fr/index1c5e.html]
[www.cybelius.fr/index2081.html]
[www.cybelius.fr/index73b7.html]
[www.cybelius.fr/index8da3.html]
[www.cybelius.fr/index1721.json]
[www.cybelius.fr/index0240.html]
[www.cybelius.fr/index7873.html]
[www.cybelius.fr/indexa7ec.html]
[www.cybelius.fr/index651b.html]
[www.cybelius.fr/index2748.html]
[www.cybelius.fr/indexe95b.html]
[www.cybelius.fr/index3d8c.json]
[www.cybelius.fr/index736c.html]
[www.cybelius.fr/indexede3.html]
[www.cybelius.fr/indexdcc8.html]
[www.cybelius.fr/index0548.html]
[www.cybelius.fr/index0030.html]
[www.cybelius.fr/index2c6c.html]
[www.cybelius.fr/indexab62.html]
[www.cybelius.fr/index13de.html]
[www.cybelius.fr/index2840.html]
[www.cybelius.fr/index261a.html]
[www.cybelius.fr/index08f8.html]
[www.cybelius.fr/index4920.html]
[www.cybelius.fr/index3594.html]
[www.cybelius.fr/indexc16a.html]
[www.cybelius.fr/indexca52.html]
[www.cybelius.fr/index2cd9.html]
[www.cybelius.fr/indexcd1a.html]
[www.cybelius.fr/index3a2a.html]
[www.cybelius.fr/index2359.html]
[www.cybelius.fr/index3567.html]
[www.cybelius.fr/index7415.html]
[www.cybelius.fr/indexe9af.html]
[www.cybelius.fr/index7d98.html]
[www.cybelius.fr/index88b5.html]
[www.cybelius.fr/indexfb8a.html]
[www.cybelius.fr/index8e2d.html]
[www.cybelius.fr/indexfdff.html]
[www.cybelius.fr/indexbf40.html]
[www.cybelius.fr/indexa4f1.html]
[www.cybelius.fr/indexd1c6.html]
[www.cybelius.fr/index4136.json]
[www.cybelius.fr/indexbf55.html]
[www.cybelius.fr/index27da.json]
[www.cybelius.fr/indexe880.html]
[www.cybelius.fr/index6b99.json]
[www.cybelius.fr/indexbafd.html]
[www.cybelius.fr/index962f.html]
[www.cybelius.fr/index9fcd.html]
[www.cybelius.fr/index7ef0.html]
[www.cybelius.fr/indexe523.html]
[www.cybelius.fr/indexe141.html]
[www.cybelius.fr/index873d.html]
[www.cybelius.fr/index4523.json]
[www.cybelius.fr/index0061.html]
[www.cybelius.fr/index0cdf.json]
[www.cybelius.fr/indexfca8.html]
[www.cybelius.fr/indexd0c9.html]
[www.cybelius.fr/indexe74c.html]
[www.cybelius.fr/index5dc0.html]
[www.cybelius.fr/indexabb0.json]
[www.cybelius.fr/indexbeae.html]
[www.cybelius.fr/index1965.html]
[www.cybelius.fr/index1d68.json]
[www.cybelius.fr/index7b74.html]
[www.cybelius.fr/index8c12.json]
[www.cybelius.fr/index48d1.html]
[www.cybelius.fr/index887c.html]
[www.cybelius.fr/index5ae6.html]
[www.cybelius.fr/indexdc55.html]
[www.cybelius.fr/indexff1d.json]
[www.cybelius.fr/index1b9d.html]
[www.cybelius.fr/index764a.html]
[www.cybelius.fr/index3a95.json]
[www.cybelius.fr/index3b45.html]
[www.cybelius.fr/indexe24d.html]
[www.cybelius.fr/index036d.json]
[www.cybelius.fr/index242e.html]
[www.cybelius.fr/indexdd3e.html]
[www.cybelius.fr/index082a.html]
[www.cybelius.fr/index566e.html]
[www.cybelius.fr/indexd1e1.html]
[www.cybelius.fr/index08b7.html]
[www.cybelius.fr/indexa859.html]
[www.cybelius.fr/indexeeaf.html]
[www.cybelius.fr/index40fe.html]
[www.cybelius.fr/index026d.html]
[www.cybelius.fr/index1823.html]
[www.cybelius.fr/index6c5d.html]
[www.cybelius.fr/indexa765.html]
[www.cybelius.fr/index2776.html]
[www.cybelius.fr/index0bb1.html]
[www.cybelius.fr/indexeac0.html]
[www.cybelius.fr/index40b9.html]
[www.cybelius.fr/indexaab7.html]
[www.cybelius.fr/index6407.html]
[www.cybelius.fr/indexbdb7.html]
[www.cybelius.fr/indexeb9d.html]
[www.cybelius.fr/index04ef.html]
[www.cybelius.fr/index97f0.html]
[www.cybelius.fr/indexeb4e.html]
[www.cybelius.fr/index0240.html]
[www.cybelius.fr/index61ad.html]
[www.cybelius.fr/indexf767.html]
[www.cybelius.fr/indexab0d.html]
[www.cybelius.fr/index72cf.html]
[www.cybelius.fr/index0b9b.html]
[www.cybelius.fr/indexeeca.html]
[www.cybelius.fr/index2b97.html]
[www.cybelius.fr/index12b3.html]
[www.cybelius.fr/indexe3b4.html]
[www.cybelius.fr/index9629.html]
[www.cybelius.fr/index85ad.html]
[www.cybelius.fr/indexa859.html]
[www.cybelius.fr/index61ad.html]
[www.cybelius.fr/indexfd4e.html]
[www.cybelius.fr/indexf767.html]
[www.cybelius.fr/indexfd4e.html]
[www.cybelius.fr/index2da4.html]
[www.cybelius.fr/index2da4.html]
[www.cybelius.fr/indexbba8.html]
[www.cybelius.fr/indexbba8.html]
